// Jest Snapshot v1, https://goo.gl/fbAQLP

exports[`kl-input input-sbapshot 1`] = `
<div>
  <input
    type="text"
  />
</div>
`;
